
> frontend@0.0.0 build
> vite build

[36mvite v8.0.10 [32mbuilding client environment for production...[36m[39m
[2K
transforming...Γ£ô 25 modules transformed.
rendering chunks...
computing gzip size...
dist/index.html                   0.45 kB Γöé gzip:  0.29 kB
dist/assets/index-tfZt-leH.css   31.49 kB Γöé gzip:  6.53 kB
dist/assets/index-B7xdG5Vs.js   203.19 kB Γöé gzip: 62.84 kB

node.exe : [31mΓ£ù[39m Build failed in 6.89s
At line:1 char:1
+ & "C:\Program Files\nodejs/node.exe" "C:\Program Files\nodejs/node_mo ...
+ ~~~~~~~~~~~~~~~~~~~~~~~~~~~~~~~~~~~~~~~~~~~~~~~~~~~~~~~~~~~~~~~~~~~~~
    + CategoryInfo          : NotSpecified: ([31mΓ£ù[39m Build failed in 6.89s:String) [], RemoteException
    + FullyQualifiedErrorId : NativeCommandError
 
[31merror during build:
[31mBuild failed with 1 error:

Error: [vite]: Rolldown failed to resolve import "react-router-dom" from "C:/Users/Aayush 
Panchal/OneDrive/Desktop/STEEL PROJECT/frontend/src/components/Footer.jsx".
This is most likely unintended because it can break your application at runtime.
If you do want to externalize this module explicitly add it to
`build.rollupOptions.external`
    at viteLog (file:///C:/Users/Aayush%20Panchal/OneDrive/Desktop/STEEL%20PROJECT/frontend/node_modules/vite/dist/node
/chunks/node.js:33111:57)
    at file:///C:/Users/Aayush%20Panchal/OneDrive/Desktop/STEEL%20PROJECT/frontend/node_modules/vite/dist/node/chunks/n
ode.js:33147:71
    at onwarn (file:///C:/Users/Aayush%20Panchal/OneDrive/Desktop/STEEL%20PROJECT/frontend/node_modules/@vitejs/plugin-
react/dist/index.js:40:7)
    at file:///C:/Users/Aayush%20Panchal/OneDrive/Desktop/STEEL%20PROJECT/frontend/node_modules/vite/dist/node/chunks/n
ode.js:33147:28
    at onRollupLog (file:///C:/Users/Aayush%20Panchal/OneDrive/Desktop/STEEL%20PROJECT/frontend/node_modules/vite/dist/
node/chunks/node.js:33142:63)
    at onLog (file:///C:/Users/Aayush%20Panchal/OneDrive/Desktop/STEEL%20PROJECT/frontend/node_modules/vite/dist/node/c
hunks/node.js:32911:4)
    at file:///C:/Users/Aayush%20Panchal/OneDrive/Desktop/STEEL%20PROJECT/frontend/node_modules/rolldown/dist/shared/ro
lldown-build-DSxL8qiP.mjs:50:26
    at logger (file:///C:/Users/Aayush%20Panchal/OneDrive/Desktop/STEEL%20PROJECT/frontend/node_modules/rolldown/dist/s
hared/rolldown-build-DSxL8qiP.mjs:41:3)
    at onLog (file:///C:/Users/Aayush%20Panchal/OneDrive/Desktop/STEEL%20PROJECT/frontend/node_modules/rolldown/dist/sh
ared/bindingify-input-options-DbbBhzky.mjs:1991:32)[31m
    at aggregateBindingErrorsIntoJsError (file:///C:/Users/Aayush%20Panchal/OneDrive/Desktop/STEEL%20PROJECT/frontend/n
ode_modules/rolldown/dist/shared/error-DL-e8-oE.mjs:48:18)
    at unwrapBindingResult (file:///C:/Users/Aayush%20Panchal/OneDrive/Desktop/STEEL%20PROJECT/frontend/node_modules/ro
lldown/dist/shared/error-DL-e8-oE.mjs:18:128)
    at #build (file:///C:/Users/Aayush%20Panchal/OneDrive/Desktop/STEEL%20PROJECT/frontend/node_modules/rolldown/dist/s
hared/rolldown-build-DSxL8qiP.mjs:3317:34)
    at async buildEnvironment (file:///C:/Users/Aayush%20Panchal/OneDrive/Desktop/STEEL%20PROJECT/frontend/node_modules
/vite/dist/node/chunks/node.js:33018:64)
    at async Object.build (file:///C:/Users/Aayush%20Panchal/OneDrive/Desktop/STEEL%20PROJECT/frontend/node_modules/vit
e/dist/node/chunks/node.js:33440:19)
    at async Object.buildApp (file:///C:/Users/Aayush%20Panchal/OneDrive/Desktop/STEEL%20PROJECT/frontend/node_modules/
vite/dist/node/chunks/node.js:33437:153)
    at async CAC.<anonymous> 
(file:///C:/Users/Aayush%20Panchal/OneDrive/Desktop/STEEL%20PROJECT/frontend/node_modules/vite/dist/node/cli.js:778:3) 
{
  errors: [Getter/Setter]
}[39m
